// Vitest Snapshot v1, https://vitest.dev/guide/snapshot.html

exports[`cidades de referência > cenário bairro-basico, 12 dias 1`] = `
{
  "buildings": 274,
  "cars": 272,
  "children": 130,
  "employed": 973,
  "events": 13714,
  "households": 739,
  "lastYear": {
    "arrivals": 0,
    "births": 17,
    "deaths": 4,
    "departures": 2,
    "divorces": 6,
    "expensesByCategory": {
      "educacao": 2911752.708333333,
      "manutencao_vias": 2890719.9999999995,
      "saude": 1849059,
    },
    "marriages": 6,
    "migrantsTurnedAway": {},
    "parkingMisses": 14,
    "revenueByCategory": {
      "impostos_e_repasses": 21957239.1644,
    },
    "transitRefusals": 0,
    "tripsHealth": 137,
    "tripsLeisure": 155,
    "tripsSchool": 1063,
    "tripsShopping": 196,
    "tripsWalk": 2742,
    "tripsWork": 1719,
  },
  "money": 90421817,
  "population": 2063,
  "retired": 119,
  "tick": 17700,
  "unemployed": 63,
  "unmet": {
    "health": 0,
    "hospital": 2063,
    "housing": 11,
    "job": 63,
    "parking": 0,
    "power": 0,
    "school": 0,
    "transit": 0,
    "university": 0,
    "water": 0,
  },
}
`;

exports[`cidades de referência > prefeito automático, 12 dias 1`] = `
{
  "buildings": 512,
  "cars": 148,
  "children": 46,
  "employed": 462,
  "events": 9138,
  "households": 352,
  "lastYear": {
    "arrivals": 0,
    "births": 7,
    "deaths": 4,
    "departures": 3,
    "divorces": 2,
    "expensesByCategory": {
      "agua_e_luz": 636800,
      "educacao": 1320723.7083333333,
      "manutencao_vias": 3952506.6666666656,
      "obras_vias": 8444800,
      "saude": 1849059,
    },
    "marriages": 7,
    "migrantsTurnedAway": {},
    "parkingMisses": 10,
    "revenueByCategory": {
      "impostos_e_repasses": 10316589.36087083,
    },
    "transitRefusals": 0,
    "tripsHealth": 67,
    "tripsLeisure": 57,
    "tripsSchool": 478,
    "tripsShopping": 91,
    "tripsWalk": 1256,
    "tripsWork": 817,
  },
  "money": 2960871,
  "population": 960,
  "retired": 54,
  "tick": 17700,
  "unemployed": 40,
  "unmet": {
    "health": 0,
    "hospital": 960,
    "housing": 1,
    "job": 40,
    "parking": 0,
    "power": 0,
    "school": 0,
    "transit": 0,
    "university": 0,
    "water": 0,
  },
}
`;
