// Vitest Snapshot v1, https://vitest.dev/guide/snapshot.html

exports[`cidades de referência > cenário bairro-basico, 12 dias 1`] = `
{
  "buildings": 274,
  "cars": 309,
  "children": 165,
  "employed": 965,
  "events": 13961,
  "households": 736,
  "lastYear": {
    "arrivals": 0,
    "births": 26,
    "deaths": 8,
    "departures": 3,
    "divorces": 7,
    "expensesByCategory": {
      "educacao": 3120229.2916666665,
      "manutencao_vias": 2890719.9999999995,
      "saude": 1849059,
    },
    "marriages": 7,
    "migrantsTurnedAway": {},
    "parkingMisses": 29,
    "revenueByCategory": {
      "impostos_e_repasses": 11240858.333333334,
    },
    "transitRefusals": 0,
    "tripsHealth": 149,
    "tripsLeisure": 146,
    "tripsSchool": 1132,
    "tripsShopping": 191,
    "tripsWalk": 2712,
    "tripsWork": 1684,
  },
  "money": 7391223,
  "population": 2132,
  "retired": 95,
  "tick": 17700,
  "unemployed": 86,
  "unmet": {
    "health": 0,
    "hospital": 2132,
    "housing": 8,
    "job": 86,
    "parking": 0,
    "power": 0,
    "school": 0,
    "sewer": 0,
    "transit": 0,
    "university": 0,
    "water": 0,
  },
}
`;

exports[`cidades de referência > prefeito automático, 12 dias 1`] = `
{
  "buildings": 378,
  "cars": 148,
  "children": 296,
  "employed": 492,
  "events": 10787,
  "households": 356,
  "lastYear": {
    "arrivals": 0,
    "births": 15,
    "deaths": 2,
    "departures": 1,
    "divorces": 3,
    "expensesByCategory": {
      "agua_e_luz": 300000,
      "manutencao_vias": 3387200.000000001,
      "saude": 1849059,
    },
    "marriages": 3,
    "migrantsTurnedAway": {},
    "parkingMisses": 41,
    "revenueByCategory": {
      "impostos_e_repasses": 5174345.833333333,
    },
    "transitRefusals": 0,
    "tripsHealth": 155,
    "tripsLeisure": 122,
    "tripsSchool": 0,
    "tripsShopping": 185,
    "tripsWalk": 961,
    "tripsWork": 838,
  },
  "money": 838340,
  "population": 987,
  "retired": 43,
  "tick": 17700,
  "unemployed": 31,
  "unmet": {
    "health": 0,
    "hospital": 987,
    "housing": 5,
    "job": 31,
    "parking": 0,
    "power": 0,
    "school": 236,
    "sewer": 0,
    "transit": 0,
    "university": 0,
    "water": 0,
  },
}
`;
