// Vitest Snapshot v1, https://vitest.dev/guide/snapshot.html

exports[`cidades de referência > cenário bairro-basico, 12 dias 1`] = `
{
  "buildings": 274,
  "cars": 272,
  "children": 130,
  "employed": 973,
  "events": 13714,
  "households": 739,
  "lastYear": {
    "arrivals": 0,
    "births": 17,
    "deaths": 4,
    "departures": 2,
    "divorces": 6,
    "expensesByCategory": {
      "educacao": 2911752.708333333,
      "manutencao_vias": 2890719.9999999995,
      "saude": 1849059,
    },
    "marriages": 6,
    "migrantsTurnedAway": {},
    "parkingMisses": 14,
    "revenueByCategory": {
      "impostos_e_repasses": 22422438.5,
    },
    "transitRefusals": 0,
    "tripsHealth": 137,
    "tripsLeisure": 155,
    "tripsSchool": 1063,
    "tripsShopping": 196,
    "tripsWalk": 2742,
    "tripsWork": 1719,
  },
  "money": 93332546,
  "population": 2063,
  "retired": 119,
  "tick": 17700,
  "unemployed": 63,
  "unmet": {
    "health": 0,
    "hospital": 2063,
    "housing": 11,
    "job": 63,
    "parking": 0,
    "power": 0,
    "school": 0,
    "sewer": 0,
    "transit": 0,
    "university": 0,
    "water": 0,
  },
}
`;

exports[`cidades de referência > prefeito automático, 12 dias 1`] = `
{
  "buildings": 628,
  "cars": 147,
  "children": 109,
  "employed": 673,
  "events": 10376,
  "households": 539,
  "lastYear": {
    "arrivals": 319,
    "births": 8,
    "deaths": 2,
    "departures": 2,
    "divorces": 1,
    "expensesByCategory": {
      "agua_e_luz": 636800,
      "educacao": 1384561.291666667,
      "manutencao_vias": 4268799.999999999,
      "saude": 1849059,
    },
    "marriages": 7,
    "migrantsTurnedAway": {},
    "parkingMisses": 12,
    "revenueByCategory": {
      "impostos_e_repasses": 11009828.25,
    },
    "transitRefusals": 0,
    "tripsHealth": 67,
    "tripsLeisure": 57,
    "tripsSchool": 478,
    "tripsShopping": 91,
    "tripsWalk": 1251,
    "tripsWork": 816,
  },
  "money": 3296044,
  "population": 1404,
  "retired": 64,
  "tick": 17700,
  "unemployed": 41,
  "unmet": {
    "health": 0,
    "hospital": 1404,
    "housing": 0,
    "job": 41,
    "parking": 0,
    "power": 0,
    "school": 0,
    "sewer": 0,
    "transit": 0,
    "university": 0,
    "water": 0,
  },
}
`;
